// Jest Snapshot v1, https://goo.gl/fbAQLP

exports[`<Burger /> should render 1`] = `
<styled.button
  isOpen={false}
  onClick={[Function]}
>
  <div />
  <div />
  <div />
</styled.button>
`;
